// Jest Snapshot v1, https://goo.gl/fbAQLP

exports[`<Card /> renders correctly 1`] = `
<View
  style={
    Object {
      "backgroundColor": "#00838d",
      "borderRadius": 10,
      "margin": 20,
      "minHeight": 300,
      "padding": 20,
    }
  }
>
  <Text
    style={
      Object {
        "color": "#ffffff",
        "fontSize": 20,
      }
    }
  >
    Title
  </Text>
  <Text
    style={
      Object {
        "color": "#ffffff",
        "fontSize": 15,
        "marginTop": 10,
      }
    }
  >
    <Text
      style={
        Object {
          "fontWeight": "bold",
        }
      }
    >
      Description: 
       
    </Text>
    description
  </Text>
  <Text
    style={
      Object {
        "color": "#ffffff",
        "fontSize": 15,
        "marginTop": 10,
      }
    }
  >
    <Text
      style={
        Object {
          "fontWeight": "bold",
        }
      }
    >
      Price: 
       
    </Text>
    price
  </Text>
  <Text
    style={
      Object {
        "color": "#ffffff",
        "fontSize": 15,
        "marginTop": 10,
      }
    }
  >
    <Text
      style={
        Object {
          "fontWeight": "bold",
        }
      }
    >
      Publisher :
    </Text>
    publisher
  </Text>
  <Text
    style={
      Object {
        "color": "#ffffff",
        "fontSize": 15,
        "marginTop": 10,
      }
    }
  >
    <Text
      style={
        Object {
          "fontWeight": "bold",
        }
      }
    >
      Release date :
    </Text>
    release_date
  </Text>
  <Text
    style={
      Object {
        "color": "#ffffff",
        "fontSize": 15,
        "marginTop": 10,
      }
    }
  >
    <Text
      style={
        Object {
          "fontWeight": "bold",
        }
      }
    >
      Creators :
    </Text>
     
    creators
  </Text>
</View>
`;
